// Vitest Snapshot v1, https://vitest.dev/guide/snapshot.html

exports[`TheCounter.vue > should render 1`] = `"<div>10 <button class=\\"inc\\"> + </button><button class=\\"dec\\"> - </button></div>"`;
